Microchip MPLAB XC8 Compiler V1.44 ()

Linker command line:

-W-3 --edf=C:\Program Files (x86)\Microchip\xc8\v1.44\dat\en_msgs.txt -cs \
  -h+dist/default/production\IWP_DiagnosticBoard.X.production.sym \
  --cmf=dist/default/production\IWP_DiagnosticBoard.X.production.cmf -z \
  -Q18LF27K40 -oC:\Users\rfish\AppData\Local\Temp\sfqk.2 \
  -Mdist/default/production/IWP_DiagnosticBoard.X.production.map -E1 \
  -ver=XC8 -ASTACK=0DAh-0e87h -pstack=STACK -ACODE=00h-01FFFFh \
  -ACONST=00h-01FFFFh -ASMALLCONST=0F00h-0FFFhx497 \
  -AMEDIUMCONST=0F00h-0FFFFh,010F00h-01FFFFh -ACOMRAM=01h-05Fh \
  -AABS1=00h-0E87h -ABIGRAM=01h-0E87h \
  -ARAM=060h-0FFh,0100h-01FFhx13,0E00h-0E87h -ABANK0=060h-0FFh \
  -ABANK1=0100h-01FFh -ABANK2=0200h-02FFh -ABANK3=0300h-03FFh \
  -ABANK4=0400h-04FFh -ABANK5=0500h-05FFh -ABANK6=0600h-06FFh \
  -ABANK7=0700h-07FFh -ABANK8=0800h-08FFh -ABANK9=0900h-09FFh \
  -ABANK10=0A00h-0AFFh -ABANK11=0B00h-0BFFh -ABANK12=0C00h-0CFFh \
  -ABANK13=0D00h-0DFFh -ABANK14=0E00h-0E87h \
  -ASFR=0E8Dh-0EFFh,0F00h-0F5Fh,0F60h-0FFFh \
  -preset_vec=00h,intcode,intcodelo,powerup,init -pramtop=0F00h \
  -psmallconst=SMALLCONST -pmediumconst=MEDIUMCONST -pconst=CONST \
  -AFARRAM=00h-00h -ACONFIG=0300000h-030000Bh -pconfig=CONFIG \
  -AIDLOC=0200000h-020000Fh -pidloc=IDLOC -AEEDATA=0310000h-03103FFh \
  -peeprom_data=EEDATA \
  -prdata=COMRAM,nvrram=COMRAM,nvbit=COMRAM,rbss=COMRAM,rbit=COMRAM \
  -pfarbss=FARRAM,fardata=FARRAM,nvFARRAM=FARRAM \
  -pintsave_regs=BIGRAM,bigbss=BIGRAM,bigdata=BIGRAM -pbss=RAM \
  -pidata=CODE,irdata=CODE,ibigdata=CODE,ifardata=CODE -prparam=COMRAM \
  C:\Users\rfish\AppData\Local\Temp\sfqk.obj \
  dist/default/production\IWP_DiagnosticBoard.X.production.obj 

Object code version is 3.11

Machine type is 18LF27K40

Call graph: (short form)




                Name                               Link     Load   Length Selector   Space Scale
C:\Users\rfish\AppData\Local\Temp\sfqk.obj
                init                                  0        0        4        0       0
                idloc                            200000   200000       10   200000       0
                config                           300000   300000        C   300000       0
dist/default/production\IWP_DiagnosticBoard.X.production.obj
                smallconst                          F00      F00       36      780       0
                text27                             28C6     28C6        4      79B       0
                text26                             23B4     23B4       AE      79B       0
                text25                             27C2     27C2       38      79B       0
                text24                             19FC     19FC      1AC      79B       0
                text23                             274A     274A       40      79B       0
                text22                             2042     2042       E6      79B       0
                text21                             259A     259A       90      79B       0
                text20                             1F4E     1F4E       F4      79B       0
                text19                             2852     2852       26      79B       0
                text18                             2208     2208       DA      79B       0
                text17                             2878     2878       24      79B       0
                text16                             27FA     27FA       30      79B       0
                text15                             1840     1840      1BC      79B       0
                text14                             15E2     15E2      25E      79B       0
                text13                             26F8     26F8       52      79B       0
                text12                              F36      F36      390      79B       0
                text11                             289C     289C       1C      79B       0
                text10                             282A     282A       28      79B       0
                text9                              26A4     26A4       54      79B       0
                text8                              262A     262A       7A      79B       0
                text7                              2128     2128       E0      79B       0
                text6                              1E5A     1E5A       F4      79B       0
                text5                              2506     2506       94      79B       0
                text4                              1BA8     1BA8      174      79B       0
                text3                              1D1C     1D1C      13E      79B       0
                text2                              22E2     22E2       D2      79B       0
                text1                              2462     2462       A4      79B       0
                text0                              12C6     12C6      31C      79B       0
                cstackCOMRAM                          1        1       5C        1       1
                cstackBANK0                          60       60       48       60       1
                dataBANK0                            CC       CC        E       60       1
                bssBANK0                             A8       A8       24       60       1
                bssCOMRAM                            5D       5D        3        1       1
                cinit                              278A     278A       38      79B       0
                idataBANK0                         28B8     28B8        E      79B       0

TOTAL           Name                               Link     Load   Length     Space
        CLASS   STACK          

        CLASS   CODE           
                init                                  0        0        4         0
                text27                             28C6     28C6        4         0
                text26                             23B4     23B4       AE         0
                text25                             27C2     27C2       38         0
                text24                             19FC     19FC      1AC         0
                text23                             274A     274A       40         0
                text22                             2042     2042       E6         0
                text21                             259A     259A       90         0
                text20                             1F4E     1F4E       F4         0
                text19                             2852     2852       26         0
                text18                             2208     2208       DA         0
                text17                             2878     2878       24         0
                text16                             27FA     27FA       30         0
                text15                             1840     1840      1BC         0
                text14                             15E2     15E2      25E         0
                text13                             26F8     26F8       52         0
                text12                              F36      F36      390         0
                text11                             289C     289C       1C         0
                text10                             282A     282A       28         0
                text9                              26A4     26A4       54         0
                text8                              262A     262A       7A         0
                text7                              2128     2128       E0         0
                text6                              1E5A     1E5A       F4         0
                text5                              2506     2506       94         0
                text4                              1BA8     1BA8      174         0
                text3                              1D1C     1D1C      13E         0
                text2                              22E2     22E2       D2         0
                text1                              2462     2462       A4         0
                text0                              12C6     12C6      31C         0
                cinit                              278A     278A       38         0
                idataBANK0                         28B8     28B8        E         0

        CLASS   CONST          

        CLASS   SMALLCONST     
                smallconst                          F00      F00       36         0

        CLASS   MEDIUMCONST    

        CLASS   COMRAM         
                cstackCOMRAM                          1        1       5C         1
                bssCOMRAM                            5D       5D        3         1

        CLASS   ABS1           

        CLASS   BIGRAM         

        CLASS   RAM            

        CLASS   BANK0          
                cstackBANK0                          60       60       48         1
                dataBANK0                            CC       CC        E         1
                bssBANK0                             A8       A8       24         1

        CLASS   BANK1          

        CLASS   BANK2          

        CLASS   BANK3          

        CLASS   BANK4          

        CLASS   BANK5          

        CLASS   BANK6          

        CLASS   BANK7          

        CLASS   BANK8          

        CLASS   BANK9          

        CLASS   BANK10         

        CLASS   BANK11         

        CLASS   BANK12         

        CLASS   BANK13         

        CLASS   BANK14         

        CLASS   SFR            

        CLASS   FARRAM         

        CLASS   CONFIG         
                config                           300000   300000        C         0

        CLASS   IDLOC          
                idloc                            200000   200000       10         0

        CLASS   EEDATA         



SEGMENTS        Name                           Load    Length   Top    Selector   Space  Class

                reset_vec                      000000  000004  000004         0       0  CODE    
                cstackCOMRAM                   000001  00005F  000060         1       1  COMRAM  
                cstackBANK0                    000060  00007A  0000DA        60       1  BANK0   
                smallconst                     000F00  000036  000F36       780       0  SMALLCON
                text12                         000F36  001994  0028CA       79B       0  CODE    
                idloc                          200000  000010  200010    200000       0  IDLOC   
                config                         300000  00000C  30000C    300000       0  CONFIG  


UNUSED ADDRESS RANGES

        Name                Unused          Largest block    Delta
        BANK0            0000DA-0000FF               26
        BANK1            000100-0001FF              100
        BANK10           000A00-000AFF              100
        BANK11           000B00-000BFF              100
        BANK12           000C00-000CFF              100
        BANK13           000D00-000DFF              100
        BANK14           000E00-000E87               88
        BANK2            000200-0002FF              100
        BANK3            000300-0003FF              100
        BANK4            000400-0004FF              100
        BANK5            000500-0005FF              100
        BANK6            000600-0006FF              100
        BANK7            000700-0007FF              100
        BANK8            000800-0008FF              100
        BANK9            000900-0009FF              100
        BIGRAM           0000DA-000E87              DAE
        CODE             000004-000EFF              EFC
                         0028CA-01FFFF            1D736
        CONST            000004-000EFF              EFC
                         0028CA-01FFFF            1D736
        EEDATA           310000-3103FF              400
        MEDIUMCONST      0028CA-00FFFF             D736
                         010F00-01FFFF             F100
        RAM              0000DA-000E87              100
        SFR              000E8D-000FFF               73
        SMALLCONST       0028CA-01FFFF              100
        STACK            0000DA-000E87              DAE

                                  Symbol Table

?___awtoft                       cstackCOMRAM 000009
?___ftadd                        cstackCOMRAM 00000C
?___ftdiv                        cstackCOMRAM 000018
?___ftmul                        cstackCOMRAM 000027
?___ftneg                        cstackCOMRAM 000009
?___ftpack                       cstackCOMRAM 000001
?___ftsub                        cstackCOMRAM 000018
?___fttol                        cstackCOMRAM 000036
?___wmul                         cstackCOMRAM 000001
?_atan                           cstackCOMRAM 000042
?_atan2                          cstackCOMRAM 000052
?_digitalPinStatus               cstackCOMRAM 000001
?_eval_poly                      cstackCOMRAM 000036
?_fabs                           cstackCOMRAM 00000C
?_getHandleAngle                 cstackCOMRAM 000058
?_readAdc                        cstackCOMRAM 000001
?_readEEPromFloat                cstackCOMRAM 00000D
?_readWaterSensor                cstackCOMRAM 00004E
_ADCLK                           (abs)        000F57
_ADCON0bits                      (abs)        000F60
_ADPCHbits                       (abs)        000F5F
_ADREFbits                       (abs)        000F58
_ADRES                           (abs)        000F63
_ANSELA                          (abs)        000F11
_ANSELAbits                      (abs)        000F11
_ANSELB                          (abs)        000F19
_ANSELC                          (abs)        000F21
_ClearWatchDogTimer              text27       0028C6
_EEPromData                      bssCOMRAM    00005D
_PI                              smallconst   000F07
_PORTAbits                       (abs)        000F8D
_PORTBbits                       (abs)        000F8E
_PORTCbits                       (abs)        000F8F
_Pin4                            dataBANK0    0000D4
_RC3PPS                          (abs)        000EFA
_RC5PPS                          (abs)        000EFC
_SSP1BUF                         (abs)        000F92
_SSP1CON1bits                    (abs)        000F96
_SSP1CON3bits                    (abs)        000F98
_SSP1DATPPS                      (abs)        000EB8
_SSP1STATbits                    (abs)        000F95
_T0CON0bits                      (abs)        000FD5
_T0CON1bits                      (abs)        000FD6
_T1CONbits                       (abs)        000FCF
_T1GCONbits                      (abs)        000FD0
_T3CONbits                       (abs)        000FC9
_TMR0                            (abs)        000FD3
_TMR1CLKbits                     (abs)        000FD2
_TMR3CLKbits                     (abs)        000FCC
_TRISA                           (abs)        000F88
_TRISAbits                       (abs)        000F88
_TRISB                           (abs)        000F89
_TRISBbits                       (abs)        000F89
_TRISC                           (abs)        000F8A
_TRISCbits                       (abs)        000F8A
_TimeSinceLastHourCheck          bssBANK0     0000CA
__CFG_BOREN$SBORDIS              (abs)        000000
__CFG_CLKOUTEN$OFF               (abs)        000000
__CFG_CP$OFF                     (abs)        000000
__CFG_CPD$OFF                    (abs)        000000
__CFG_CSWEN$ON                   (abs)        000000
__CFG_DEBUG$OFF                  (abs)        000000
__CFG_EBTR0$OFF                  (abs)        000000
__CFG_EBTR1$OFF                  (abs)        000000
__CFG_EBTR2$OFF                  (abs)        000000
__CFG_EBTR3$OFF                  (abs)        000000
__CFG_EBTRB$OFF                  (abs)        000000
__CFG_FCMEN$ON                   (abs)        000000
__CFG_FEXTOSC$OFF                (abs)        000000
__CFG_LPBOREN$OFF                (abs)        000000
__CFG_LVP$ON                     (abs)        000000
__CFG_MCLRE$EXTMCLR              (abs)        000000
__CFG_PPS1WAY$ON                 (abs)        000000
__CFG_PWRTE$OFF                  (abs)        000000
__CFG_RSTOSC$HFINTOSC_1MHZ       (abs)        000000
__CFG_SCANE$ON                   (abs)        000000
__CFG_STVREN$ON                  (abs)        000000
__CFG_WDTCCS$SC                  (abs)        000000
__CFG_WDTCPS$WDTCPS_31           (abs)        000000
__CFG_WDTCWS$WDTCWS_7            (abs)        000000
__CFG_WDTE$OFF                   (abs)        000000
__CFG_WRT0$OFF                   (abs)        000000
__CFG_WRT1$OFF                   (abs)        000000
__CFG_WRT2$OFF                   (abs)        000000
__CFG_WRT3$OFF                   (abs)        000000
__CFG_WRTB$OFF                   (abs)        000000
__CFG_WRTC$OFF                   (abs)        000000
__CFG_WRTD$OFF                   (abs)        000000
__CFG_XINST$OFF                  (abs)        000000
__CFG_ZCD$OFF                    (abs)        000000
__HRAM                           (abs)        000000
__Habs1                          abs1         000000
__Hbank0                         bank0        000000
__Hbank1                         bank1        000000
__Hbank10                        bank10       000000
__Hbank11                        bank11       000000
__Hbank12                        bank12       000000
__Hbank13                        bank13       000000
__Hbank14                        bank14       000000
__Hbank2                         bank2        000000
__Hbank3                         bank3        000000
__Hbank4                         bank4        000000
__Hbank5                         bank5        000000
__Hbank6                         bank6        000000
__Hbank7                         bank7        000000
__Hbank8                         bank8        000000
__Hbank9                         bank9        000000
__Hbigbss                        bigbss       000000
__Hbigdata                       bigdata      000000
__Hbigram                        bigram       000000
__Hbss                           bss          000000
__HbssBANK0                      bssBANK0     000000
__HbssCOMRAM                     bssCOMRAM    000000
__Hcinit                         cinit        000000
__Hclrtext                       clrtext      000000
__Hcomram                        comram       000000
__Hconfig                        config       30000C
__Hconst                         const        000000
__HcstackBANK0                   cstackBANK0  000000
__HcstackCOMRAM                  cstackCOMRAM 000000
__Hdata                          data         000000
__HdataBANK0                     dataBANK0    000000
__Heeprom_data                   eeprom_data  000000
__Hfarbss                        farbss       000000
__Hfardata                       fardata      000000
__Hibigdata                      ibigdata     000000
__Hidata                         idata        000000
__HidataBANK0                    idataBANK0   000000
__Hidloc                         idloc        200010
__Hifardata                      ifardata     000000
__Hinit                          init         000004
__Hintcode                       intcode      000000
__Hintcode_body                  intcode_body 000000
__Hintcodelo                     intcodelo    000000
__Hintentry                      intentry     000000
__Hintret                        intret       000000
__Hintsave_regs                  intsave_regs 000000
__Hirdata                        irdata       000000
__Hmediumconst                   mediumconst  000000
__HnvFARRAM                      nvFARRAM     000000
__Hnvbit                         nvbit        000000
__Hnvrram                        nvrram       000000
__Hparam                         rparam       000000
__Hpowerup                       powerup      000000
__Hram                           ram          000000
__Hramtop                        ramtop       000F00
__Hrbit                          rbit         000000
__Hrbss                          rbss         000000
__Hrdata                         rdata        000000
__Hreset_vec                     reset_vec    000000
__Hrparam                        rparam       000000
__Hsfr                           sfr          000000
__Hsmallconst                    smallconst   000F36
__Hspace_0                       (abs)        30000C
__Hspace_1                       (abs)        0000DA
__Hspace_2                       (abs)        000000
__Hstack                         stack        000000
__Hstruct                        struct       000000
__Htemp                          temp         000000
__Htext                          text         000000
__Htext0                         text0        000000
__Htext1                         text1        000000
__Htext10                        text10       000000
__Htext11                        text11       000000
__Htext12                        text12       000000
__Htext13                        text13       000000
__Htext14                        text14       000000
__Htext15                        text15       000000
__Htext16                        text16       000000
__Htext17                        text17       000000
__Htext18                        text18       000000
__Htext19                        text19       000000
__Htext2                         text2        000000
__Htext20                        text20       000000
__Htext21                        text21       000000
__Htext22                        text22       000000
__Htext23                        text23       000000
__Htext24                        text24       000000
__Htext25                        text25       000000
__Htext26                        text26       000000
__Htext27                        text27       000000
__Htext3                         text3        000000
__Htext4                         text4        000000
__Htext5                         text5        000000
__Htext6                         text6        000000
__Htext7                         text7        000000
__Htext8                         text8        000000
__Htext9                         text9        000000
__LRAM                           (abs)        000001
__Labs1                          abs1         000000
__Lbank0                         bank0        000000
__Lbank1                         bank1        000000
__Lbank10                        bank10       000000
__Lbank11                        bank11       000000
__Lbank12                        bank12       000000
__Lbank13                        bank13       000000
__Lbank14                        bank14       000000
__Lbank2                         bank2        000000
__Lbank3                         bank3        000000
__Lbank4                         bank4        000000
__Lbank5                         bank5        000000
__Lbank6                         bank6        000000
__Lbank7                         bank7        000000
__Lbank8                         bank8        000000
__Lbank9                         bank9        000000
__Lbigbss                        bigbss       000000
__Lbigdata                       bigdata      000000
__Lbigram                        bigram       000000
__Lbss                           bss          000000
__LbssBANK0                      bssBANK0     000000
__LbssCOMRAM                     bssCOMRAM    000000
__Lcinit                         cinit        000000
__Lclrtext                       clrtext      000000
__Lcomram                        comram       000000
__Lconfig                        config       300000
__Lconst                         const        000000
__LcstackBANK0                   cstackBANK0  000000
__LcstackCOMRAM                  cstackCOMRAM 000000
__Ldata                          data         000000
__LdataBANK0                     dataBANK0    000000
__Leeprom_data                   eeprom_data  000000
__Lfarbss                        farbss       000000
__Lfardata                       fardata      000000
__Libigdata                      ibigdata     000000
__Lidata                         idata        000000
__LidataBANK0                    idataBANK0   000000
__Lidloc                         idloc        200000
__Lifardata                      ifardata     000000
__Linit                          init         000000
__Lintcode                       intcode      000000
__Lintcode_body                  intcode_body 000000
__Lintcodelo                     intcodelo    000000
__Lintentry                      intentry     000000
__Lintret                        intret       000000
__Lintsave_regs                  intsave_regs 000000
__Lirdata                        irdata       000000
__Lmediumconst                   mediumconst  000000
__LnvFARRAM                      nvFARRAM     000000
__Lnvbit                         nvbit        000000
__Lnvrram                        nvrram       000000
__Lparam                         rparam       000000
__Lpowerup                       powerup      000000
__Lram                           ram          000000
__Lramtop                        ramtop       000F00
__Lrbit                          rbit         000000
__Lrbss                          rbss         000000
__Lrdata                         rdata        000000
__Lreset_vec                     reset_vec    000000
__Lrparam                        rparam       000000
__Lsfr                           sfr          000000
__Lsmallconst                    smallconst   000F00
__Lspace_0                       (abs)        000000
__Lspace_1                       (abs)        000000
__Lspace_2                       (abs)        000000
__Lstack                         stack        000000
__Lstruct                        struct       000000
__Ltemp                          temp         000000
__Ltext                          text         000000
__Ltext0                         text0        000000
__Ltext1                         text1        000000
__Ltext10                        text10       000000
__Ltext11                        text11       000000
__Ltext12                        text12       000000
__Ltext13                        text13       000000
__Ltext14                        text14       000000
__Ltext15                        text15       000000
__Ltext16                        text16       000000
__Ltext17                        text17       000000
__Ltext18                        text18       000000
__Ltext19                        text19       000000
__Ltext2                         text2        000000
__Ltext20                        text20       000000
__Ltext21                        text21       000000
__Ltext22                        text22       000000
__Ltext23                        text23       000000
__Ltext24                        text24       000000
__Ltext25                        text25       000000
__Ltext26                        text26       000000
__Ltext27                        text27       000000
__Ltext3                         text3        000000
__Ltext4                         text4        000000
__Ltext5                         text5        000000
__Ltext6                         text6        000000
__Ltext7                         text7        000000
__Ltext8                         text8        000000
__Ltext9                         text9        000000
__S0                             (abs)        30000C
__S1                             (abs)        0000DA
__S2                             (abs)        000000
___awtoft                        text25       0027C2
___awtoft@c                      cstackCOMRAM 000009
___awtoft@sign                   cstackCOMRAM 00000C
___ftadd                         text24       0019FC
___ftadd@exp1                    cstackCOMRAM 000017
___ftadd@exp2                    cstackCOMRAM 000016
___ftadd@f1                      cstackCOMRAM 00000C
___ftadd@f2                      cstackCOMRAM 00000F
___ftadd@sign                    cstackCOMRAM 000015
___ftdiv                         text22       002042
___ftdiv@cntr                    cstackCOMRAM 000021
___ftdiv@exp                     cstackCOMRAM 000025
___ftdiv@f1                      cstackCOMRAM 000018
___ftdiv@f2                      cstackCOMRAM 00001B
___ftdiv@f3                      cstackCOMRAM 000022
___ftdiv@sign                    cstackCOMRAM 000026
___ftge                          text21       00259A
___ftge@ff1                      cstackCOMRAM 00000F
___ftge@ff2                      cstackCOMRAM 000012
___ftmul                         text20       001F4E
___ftmul@cntr                    cstackCOMRAM 000034
___ftmul@exp                     cstackCOMRAM 000030
___ftmul@f1                      cstackCOMRAM 000027
___ftmul@f2                      cstackCOMRAM 00002A
___ftmul@f3_as_product           cstackCOMRAM 000031
___ftmul@sign                    cstackCOMRAM 000035
___ftneg                         text17       002878
___ftneg@f1                      cstackCOMRAM 000009
___ftpack                        text26       0023B4
___ftpack@arg                    cstackCOMRAM 000001
___ftpack@exp                    cstackCOMRAM 000004
___ftpack@sign                   cstackCOMRAM 000005
___ftsub                         text23       00274A
___ftsub@f1                      cstackCOMRAM 000018
___ftsub@f2                      cstackCOMRAM 00001B
___fttol                         text6        001E5A
___fttol@exp1                    cstackCOMRAM 000044
___fttol@f1                      cstackCOMRAM 000036
___fttol@lval                    cstackCOMRAM 000040
___fttol@sign1                   cstackCOMRAM 00003F
___inthi_sp                      stack        000000
___intlo_sp                      stack        000000
___param_bank                    (abs)        000000
___rparam_used                   (abs)        000001
___sp                            stack        000000
___wmul                          text19       002852
___wmul@multiplicand             cstackCOMRAM 000003
___wmul@multiplier               cstackCOMRAM 000001
___wmul@product                  cstackCOMRAM 000005
__accesstop                      (abs)        000060
__activetblptr                   (abs)        000003
__end_of_ClearWatchDogTimer      text27       0028CA
__end_of_PI                      smallconst   000F0A
__end_of___awtoft                text25       0027FA
__end_of___ftadd                 text24       001BA8
__end_of___ftdiv                 text22       002128
__end_of___ftge                  text21       00262A
__end_of___ftmul                 text20       002042
__end_of___ftneg                 text17       00289C
__end_of___ftpack                text26       002462
__end_of___ftsub                 text23       00278A
__end_of___fttol                 text6        001F4E
__end_of___wmul                  text19       002878
__end_of__initialization         cinit        0027BC
__end_of_angleThresholdSmall     smallconst   000F07
__end_of_atan                    text15       0019FC
__end_of_atan2                   text14       001840
__end_of_delayMs                 text5        00259A
__end_of_digitalPinStatus        text4        001D1C
__end_of_eval_poly               text18       0022E2
__end_of_fabs                    text16       00282A
__end_of_getHandleAngle          text12       0012C6
__end_of_handleMovementThreshold smallconst   000F04
__end_of_initAdc                 text11       0028B8
__end_of_initSPI                 text10       002852
__end_of_initialization          text9        0026F8
__end_of_main                    text0        0015E2
__end_of_pulseWidthThreshold     smallconst   000F0C
__end_of_readAdc                 text13       00274A
__end_of_readEEPromFloat         text7        002208
__end_of_readSPI                 text8        0026A4
__end_of_readWaterSensor         text3        001E5A
__end_of_signedNumAdjustADC      smallconst   000F10
__end_of_upstrokeInterval        smallconst   000F0E
__end_of_writeEEPromFloat        text1        002506
__end_of_writeSPI                text2        0023B4
__end_of_xAxis                   smallconst   000F14
__end_of_yAxis                   smallconst   000F12
__end_ofatan@coeff_a             smallconst   000F26
__end_ofatan@coeff_b             smallconst   000F35
__initialization                 cinit        00278A
__mediumconst                    mediumconst  000000
__pbssBANK0                      bssBANK0     0000A8
__pbssCOMRAM                     bssCOMRAM    00005D
__pcinit                         cinit        00278A
__pcstackBANK0                   cstackBANK0  000060
__pcstackCOMRAM                  cstackCOMRAM 000001
__pdataBANK0                     dataBANK0    0000CC
__pidataBANK0                    idataBANK0   0028B8
__psmallconst                    smallconst   000F00
__ptext0                         text0        0012C6
__ptext1                         text1        002462
__ptext10                        text10       00282A
__ptext11                        text11       00289C
__ptext12                        text12       000F36
__ptext13                        text13       0026F8
__ptext14                        text14       0015E2
__ptext15                        text15       001840
__ptext16                        text16       0027FA
__ptext17                        text17       002878
__ptext18                        text18       002208
__ptext19                        text19       002852
__ptext2                         text2        0022E2
__ptext20                        text20       001F4E
__ptext21                        text21       00259A
__ptext22                        text22       002042
__ptext23                        text23       00274A
__ptext24                        text24       0019FC
__ptext25                        text25       0027C2
__ptext26                        text26       0023B4
__ptext27                        text27       0028C6
__ptext3                         text3        001D1C
__ptext4                         text4        001BA8
__ptext5                         text5        002506
__ptext6                         text6        001E5A
__ptext7                         text7        002128
__ptext8                         text8        00262A
__ptext9                         text9        0026A4
__ramtop                         ramtop       000F00
__size_of_ClearWatchDogTimer     (abs)        000000
__size_of___awtoft               (abs)        000000
__size_of___ftadd                (abs)        000000
__size_of___ftdiv                (abs)        000000
__size_of___ftge                 (abs)        000000
__size_of___ftmul                (abs)        000000
__size_of___ftneg                (abs)        000000
__size_of___ftpack               (abs)        000000
__size_of___ftsub                (abs)        000000
__size_of___fttol                (abs)        000000
__size_of___wmul                 (abs)        000000
__size_of_atan                   (abs)        000000
__size_of_atan2                  (abs)        000000
__size_of_delayMs                (abs)        000000
__size_of_digitalPinStatus       (abs)        000000
__size_of_eval_poly              (abs)        000000
__size_of_fabs                   (abs)        000000
__size_of_getHandleAngle         (abs)        000000
__size_of_initAdc                (abs)        000000
__size_of_initSPI                (abs)        000000
__size_of_initialization         (abs)        000000
__size_of_main                   (abs)        000000
__size_of_readAdc                (abs)        000000
__size_of_readEEPromFloat        (abs)        000000
__size_of_readSPI                (abs)        000000
__size_of_readWaterSensor        (abs)        000000
__size_of_writeEEPromFloat       (abs)        000000
__size_of_writeSPI               (abs)        000000
__smallconst                     smallconst   000F00
_angle1                          bssBANK0     0000C3
_angle10                         bssBANK0     0000A8
_angle2                          bssBANK0     0000C0
_angle3                          bssBANK0     0000BD
_angle4                          bssBANK0     0000BA
_angle5                          bssBANK0     0000B7
_angle6                          bssBANK0     0000B4
_angle7                          bssBANK0     0000B1
_angle8                          bssBANK0     0000AE
_angle9                          bssBANK0     0000AB
_angleThresholdSmall             smallconst   000F04
_atan                            text15       001840
_atan2                           text14       0015E2
_atan2$1856                      cstackBANK0  000063
_atan2$1857                      cstackBANK0  000060
_batteryLevelPin                 dataBANK0    0000CC
_delayMs                         text5        002506
_depthSensorPin                  dataBANK0    0000D6
_digitalPinStatus                text4        001BA8
_errno                           bssBANK0     0000C6
_eval_poly                       text18       002208
_fabs                            text16       0027FA
_getHandleAngle                  text12       000F36
_getHandleAngle$1847             cstackBANK0  00006C
_getHandleAngle$1848             cstackBANK0  00006F
_getHandleAngle$1849             cstackBANK0  000072
_getHandleAngle$1850             cstackBANK0  000075
_getHandleAngle$1851             cstackBANK0  000078
_getHandleAngle$1852             cstackBANK0  00007B
_getHandleAngle$1853             cstackBANK0  00007E
_getHandleAngle$1854             cstackBANK0  000081
_getHandleAngle$1855             cstackBANK0  000084
_handleMovementThreshold         smallconst   000F01
_hour                            bssBANK0     0000C8
_initAdc                         text11       00289C
_initSPI                         text10       00282A
_initialization                  text9        0026A4
_main                            text0        0012C6
_pulseWidthThreshold             smallconst   000F0A
_readAdc                         text13       0026F8
_readEEPromFloat                 text7        002128
_readSPI                         text8        00262A
_readWaterSensor                 text3        001D1C
_rxPin                           dataBANK0    0000D2
_signedNumAdjustADC              smallconst   000F0E
_upstrokeInterval                smallconst   000F0C
_waterPresenceSensorPin          dataBANK0    0000D8
_writeEEPromFloat                text1        002462
_writeSPI                        text2        0022E2
_xAxis                           smallconst   000F12
_xAxisAccelerometerPin           dataBANK0    0000D0
_yAxis                           smallconst   000F10
_yAxisAccelerometerPin           dataBANK0    0000CE
atan2@v                          cstackBANK0  000066
atan2@x                          cstackCOMRAM 000055
atan2@y                          cstackCOMRAM 000052
atan@coeff_a                     smallconst   000F14
atan@coeff_b                     smallconst   000F26
atan@f                           cstackCOMRAM 000042
atan@recip                       cstackCOMRAM 00004B
atan@val                         cstackCOMRAM 00004F
atan@val_squared                 cstackCOMRAM 00004C
atan@x                           cstackCOMRAM 000048
atan@y                           cstackCOMRAM 000045
delayMs@debug                    cstackCOMRAM 00004A
delayMs@end_count                cstackCOMRAM 00004C
delayMs@ms                       cstackCOMRAM 000045
digitalPinStatus@pin             cstackCOMRAM 000001
digitalPinStatus@pinValue        cstackCOMRAM 000004
end_of_initialization            cinit        0027BC
eval_poly@d                      cstackCOMRAM 000039
eval_poly@n                      cstackCOMRAM 00003B
eval_poly@res                    cstackCOMRAM 00003F
eval_poly@x                      cstackCOMRAM 000036
fabs@d                           cstackCOMRAM 00000C
getHandleAngle@angle             cstackBANK0  00008B
getHandleAngle@averageAngle      cstackBANK0  000069
getHandleAngle@xValue            cstackBANK0  000087
getHandleAngle@yValue            cstackBANK0  000089
intlevel0                        text         000000
intlevel1                        text         000000
intlevel2                        text         000000
intlevel3                        text         000000
main@EEPROMdata                  cstackBANK0  0000A2
main@EEPromFloatData             cstackBANK0  000097
main@adcVoltage                  cstackBANK0  00008E
main@angleCurrent                cstackBANK0  000091
main@angleDelta                  cstackBANK0  000094
main@anglePrevious               cstackBANK0  00009D
main@deltaAngle                  cstackBANK0  0000A5
main@handleMovement              cstackBANK0  0000A0
main@newAngle                    cstackBANK0  00009A
main@readWater                   cstackBANK0  0000A3
readAdc@adcValue                 cstackCOMRAM 000005
readAdc@pin                      cstackCOMRAM 000001
readEEPromFloat@Data0            cstackCOMRAM 000017
readEEPromFloat@Data1            cstackCOMRAM 000016
readEEPromFloat@Data2            cstackCOMRAM 000015
readEEPromFloat@EEaddress        cstackCOMRAM 00000D
readSPI@AdrsLsb                  cstackCOMRAM 00000B
readSPI@AdrsMid                  cstackCOMRAM 00000A
readSPI@AdrsMsb                  cstackCOMRAM 000009
readSPI@EEaddress                cstackCOMRAM 000003
readSPI@dummy                    cstackCOMRAM 000001
readSPI@local_data               cstackCOMRAM 00000C
readWaterSensor@WaterPresent     cstackCOMRAM 000055
readWaterSensor@varToSee         cstackCOMRAM 000053
stackhi                          (abs)        000E87
stacklo                          (abs)        0000DA
start                            init         000000
start_initialization             cinit        00278A
writeEEPromFloat@Data0           cstackCOMRAM 00001D
writeEEPromFloat@Data1           cstackCOMRAM 00001B
writeEEPromFloat@Data2           cstackCOMRAM 000019
writeEEPromFloat@EEaddress       cstackCOMRAM 000011
writeEEPromFloat@output_data     cstackCOMRAM 00000E
writeSPI@AdrsLsb                 cstackCOMRAM 00000B
writeSPI@AdrsMid                 cstackCOMRAM 00000A
writeSPI@AdrsMsb                 cstackCOMRAM 000009
writeSPI@EEaddress               cstackCOMRAM 000003
writeSPI@local_data              cstackCOMRAM 00000C
writeSPI@output_data             cstackCOMRAM 000001


FUNCTION INFORMATION:

 *************** function _main *****************
 Defined at:
		line 753 in file "Main.c"
 Parameters:    Size  Location     Type
		None
 Auto vars:     Size  Location     Type
  deltaAngle      3   69[BANK0 ] float 
  newAngle        3   58[BANK0 ] float 
  EEPromFloatD    3   55[BANK0 ] float 
  anglePreviou    3   61[BANK0 ] float 
  angleDelta      3   52[BANK0 ] float 
  angleCurrent    3   49[BANK0 ] float 
  adcVoltage      3   46[BANK0 ] float 
  readWater       2   67[BANK0 ] int 
  handleMoveme    2   64[BANK0 ] int 
  EEPROMdata      1   66[BANK0 ] unsigned char 
 Return value:  Size  Location     Type
                  1    wreg      void 
 Registers used:
		wreg, status,2, status,0, tblptrl, tblptrh, tblptru, prodl, prodh, cstack
 Tracked objects:
		On entry : 
		On exit  : 
		Unchanged: 
 Data sizes:     COMRAM   BANK0   BANK1   BANK2   BANK3   BANK4   BANK5   BANK6   BANK7   BANK8   BANK9  BANK10  BANK11  BANK12  BANK13  BANK14
      Params:         0       0       0       0       0       0       0       0       0       0       0       0       0       0       0       0
      Locals:         0      26       0       0       0       0       0       0       0       0       0       0       0       0       0       0
      Temps:          0       0       0       0       0       0       0       0       0       0       0       0       0       0       0       0
      Totals:         0      26       0       0       0       0       0       0       0       0       0       0       0       0       0       0
Total ram usage:       26 bytes
 Hardware stack levels required when called:    6
 This function calls:
		_ClearWatchDogTimer
		___ftadd
		___ftge
		___ftmul
		___ftneg
		_delayMs
		_getHandleAngle
		_initialization
		_readEEPromFloat
		_readSPI
		_readWaterSensor
		_writeEEPromFloat
		_writeSPI
 This function is called by:
		Startup code after reset
 This function uses a non-reentrant model


 *************** function _writeEEPromFloat *****************
 Defined at:
		line 270 in file "Main.c"
 Parameters:    Size  Location     Type
  output_data     3   13[COMRAM] float 
  EEaddress       3   16[COMRAM] unsigned um
 Auto vars:     Size  Location     Type
  Data0           2   28[COMRAM] unsigned int 
  Data1           2   26[COMRAM] unsigned int 
  Data2           2   24[COMRAM] unsigned int 
 Return value:  Size  Location     Type
                  1    wreg      void 
 Registers used:
		wreg, status,2, status,0, cstack
 Tracked objects:
		On entry : 
		On exit  : 
		Unchanged: 
 Data sizes:     COMRAM   BANK0   BANK1   BANK2   BANK3   BANK4   BANK5   BANK6   BANK7   BANK8   BANK9  BANK10  BANK11  BANK12  BANK13  BANK14
      Params:         6       0       0       0       0       0       0       0       0       0       0       0       0       0       0       0
      Locals:         6       0       0       0       0       0       0       0       0       0       0       0       0       0       0       0
      Temps:          5       0       0       0       0       0       0       0       0       0       0       0       0       0       0       0
      Totals:        17       0       0       0       0       0       0       0       0       0       0       0       0       0       0       0
Total ram usage:       17 bytes
 Hardware stack levels used:    1
 Hardware stack levels required when called:    1
 This function calls:
		_writeSPI
 This function is called by:
		_main
 This function uses a non-reentrant model


 *************** function _writeSPI *****************
 Defined at:
		line 329 in file "Main.c"
 Parameters:    Size  Location     Type
  output_data     2    0[COMRAM] unsigned int 
  EEaddress       3    2[COMRAM] unsigned um
 Auto vars:     Size  Location     Type
  local_data      2   11[COMRAM] unsigned int 
  AdrsLsb         1   10[COMRAM] unsigned char 
  AdrsMid         1    9[COMRAM] unsigned char 
  AdrsMsb         1    8[COMRAM] unsigned char 
 Return value:  Size  Location     Type
                  1    wreg      void 
 Registers used:
		wreg, status,2, status,0
 Tracked objects:
		On entry : 
		On exit  : 
		Unchanged: 
 Data sizes:     COMRAM   BANK0   BANK1   BANK2   BANK3   BANK4   BANK5   BANK6   BANK7   BANK8   BANK9  BANK10  BANK11  BANK12  BANK13  BANK14
      Params:         5       0       0       0       0       0       0       0       0       0       0       0       0       0       0       0
      Locals:         5       0       0       0       0       0       0       0       0       0       0       0       0       0       0       0
      Temps:          3       0       0       0       0       0       0       0       0       0       0       0       0       0       0       0
      Totals:        13       0       0       0       0       0       0       0       0       0       0       0       0       0       0       0
Total ram usage:       13 bytes
 Hardware stack levels used:    1
 This function calls:
		Nothing
 This function is called by:
		_writeEEPromFloat
		_main
 This function uses a non-reentrant model


 *************** function _readWaterSensor *****************
 Defined at:
		line 597 in file "Main.c"
 Parameters:    Size  Location     Type
		None
 Auto vars:     Size  Location     Type
  WaterPresent    2   84[COMRAM] int 
  varToSee        2   82[COMRAM] int 
 Return value:  Size  Location     Type
                  2   77[COMRAM] int 
 Registers used:
		wreg, status,2, status,0, tblptrl, tblptrh, tblptru, cstack
 Tracked objects:
		On entry : 
		On exit  : 
		Unchanged: 
 Data sizes:     COMRAM   BANK0   BANK1   BANK2   BANK3   BANK4   BANK5   BANK6   BANK7   BANK8   BANK9  BANK10  BANK11  BANK12  BANK13  BANK14
      Params:         2       0       0       0       0       0       0       0       0       0       0       0       0       0       0       0
      Locals:         4       0       0       0       0       0       0       0       0       0       0       0       0       0       0       0
      Temps:          3       0       0       0       0       0       0       0       0       0       0       0       0       0       0       0
      Totals:         9       0       0       0       0       0       0       0       0       0       0       0       0       0       0       0
Total ram usage:        9 bytes
 Hardware stack levels used:    1
 Hardware stack levels required when called:    3
 This function calls:
		_delayMs
		_digitalPinStatus
 This function is called by:
		_main
 This function uses a non-reentrant model


 *************** function _digitalPinStatus *****************
 Defined at:
		line 266 in file "Pin_Manager.c"
 Parameters:    Size  Location     Type
  pin             2    0[COMRAM] int 
 Auto vars:     Size  Location     Type
  pinValue        2    3[COMRAM] int 
 Return value:  Size  Location     Type
                  2    0[COMRAM] int 
 Registers used:
		wreg, status,2, status,0
 Tracked objects:
		On entry : 
		On exit  : 
		Unchanged: 
 Data sizes:     COMRAM   BANK0   BANK1   BANK2   BANK3   BANK4   BANK5   BANK6   BANK7   BANK8   BANK9  BANK10  BANK11  BANK12  BANK13  BANK14
      Params:         2       0       0       0       0       0       0       0       0       0       0       0       0       0       0       0
      Locals:         2       0       0       0       0       0       0       0       0       0       0       0       0       0       0       0
      Temps:          1       0       0       0       0       0       0       0       0       0       0       0       0       0       0       0
      Totals:         5       0       0       0       0       0       0       0       0       0       0       0       0       0       0       0
Total ram usage:        5 bytes
 Hardware stack levels used:    1
 This function calls:
		Nothing
 This function is called by:
		_readWaterSensor
 This function uses a non-reentrant model


 *************** function _delayMs *****************
 Defined at:
		line 455 in file "Main.c"
 Parameters:    Size  Location     Type
  ms              2   68[COMRAM] int 
 Auto vars:     Size  Location     Type
  end_count       2   75[COMRAM] int 
  debug           2   73[COMRAM] int 
 Return value:  Size  Location     Type
                  1    wreg      void 
 Registers used:
		wreg, status,2, status,0, cstack
 Tracked objects:
		On entry : 
		On exit  : 
		Unchanged: 
 Data sizes:     COMRAM   BANK0   BANK1   BANK2   BANK3   BANK4   BANK5   BANK6   BANK7   BANK8   BANK9  BANK10  BANK11  BANK12  BANK13  BANK14
      Params:         2       0       0       0       0       0       0       0       0       0       0       0       0       0       0       0
      Locals:         4       0       0       0       0       0       0       0       0       0       0       0       0       0       0       0
      Temps:          3       0       0       0       0       0       0       0       0       0       0       0       0       0       0       0
      Totals:         9       0       0       0       0       0       0       0       0       0       0       0       0       0       0       0
Total ram usage:        9 bytes
 Hardware stack levels used:    1
 Hardware stack levels required when called:    2
 This function calls:
		___awtoft
		___ftmul
		___fttol
 This function is called by:
		_readWaterSensor
		_main
 This function uses a non-reentrant model


 *************** function ___fttol *****************
 Defined at:
		line 44 in file "C:\Program Files (x86)\Microchip\xc8\v1.44\sources\common\fttol.c"
 Parameters:    Size  Location     Type
  f1              3   53[COMRAM] float 
 Auto vars:     Size  Location     Type
  lval            4   63[COMRAM] unsigned long 
  exp1            1   67[COMRAM] unsigned char 
  sign1           1   62[COMRAM] unsigned char 
 Return value:  Size  Location     Type
                  4   53[COMRAM] long 
 Registers used:
		wreg, status,2, status,0
 Tracked objects:
		On entry : 
		On exit  : 
		Unchanged: 
 Data sizes:     COMRAM   BANK0   BANK1   BANK2   BANK3   BANK4   BANK5   BANK6   BANK7   BANK8   BANK9  BANK10  BANK11  BANK12  BANK13  BANK14
      Params:         4       0       0       0       0       0       0       0       0       0       0       0       0       0       0       0
      Locals:         6       0       0       0       0       0       0       0       0       0       0       0       0       0       0       0
      Temps:          5       0       0       0       0       0       0       0       0       0       0       0       0       0       0       0
      Totals:        15       0       0       0       0       0       0       0       0       0       0       0       0       0       0       0
Total ram usage:       15 bytes
 Hardware stack levels used:    1
 This function calls:
		Nothing
 This function is called by:
		_delayMs
 This function uses a non-reentrant model


 *************** function _readEEPromFloat *****************
 Defined at:
		line 294 in file "Main.c"
 Parameters:    Size  Location     Type
  EEaddress       3   12[COMRAM] unsigned um
 Auto vars:     Size  Location     Type
  Data0           1   22[COMRAM] unsigned char 
  Data1           1   21[COMRAM] unsigned char 
  Data2           1   20[COMRAM] unsigned char 
 Return value:  Size  Location     Type
                  3   12[COMRAM] float 
 Registers used:
		wreg, status,2, status,0, cstack
 Tracked objects:
		On entry : 
		On exit  : 
		Unchanged: 
 Data sizes:     COMRAM   BANK0   BANK1   BANK2   BANK3   BANK4   BANK5   BANK6   BANK7   BANK8   BANK9  BANK10  BANK11  BANK12  BANK13  BANK14
      Params:         3       0       0       0       0       0       0       0       0       0       0       0       0       0       0       0
      Locals:         3       0       0       0       0       0       0       0       0       0       0       0       0       0       0       0
      Temps:          5       0       0       0       0       0       0       0       0       0       0       0       0       0       0       0
      Totals:        11       0       0       0       0       0       0       0       0       0       0       0       0       0       0       0
Total ram usage:       11 bytes
 Hardware stack levels used:    1
 Hardware stack levels required when called:    1
 This function calls:
		_readSPI
 This function is called by:
		_main
 This function uses a non-reentrant model


 *************** function _readSPI *****************
 Defined at:
		line 402 in file "Main.c"
 Parameters:    Size  Location     Type
  dummy           2    0[COMRAM] unsigned int 
  EEaddress       3    2[COMRAM] unsigned um
 Auto vars:     Size  Location     Type
  local_data      1   11[COMRAM] unsigned char 
  AdrsLsb         1   10[COMRAM] unsigned char 
  AdrsMid         1    9[COMRAM] unsigned char 
  AdrsMsb         1    8[COMRAM] unsigned char 
 Return value:  Size  Location     Type
                  1    wreg      unsigned char 
 Registers used:
		wreg, status,2
 Tracked objects:
		On entry : 
		On exit  : 
		Unchanged: 
 Data sizes:     COMRAM   BANK0   BANK1   BANK2   BANK3   BANK4   BANK5   BANK6   BANK7   BANK8   BANK9  BANK10  BANK11  BANK12  BANK13  BANK14
      Params:         5       0       0       0       0       0       0       0       0       0       0       0       0       0       0       0
      Locals:         4       0       0       0       0       0       0       0       0       0       0       0       0       0       0       0
      Temps:          3       0       0       0       0       0       0       0       0       0       0       0       0       0       0       0
      Totals:        12       0       0       0       0       0       0       0       0       0       0       0       0       0       0       0
Total ram usage:       12 bytes
 Hardware stack levels used:    1
 This function calls:
		Nothing
 This function is called by:
		_readEEPromFloat
		_main
 This function uses a non-reentrant model


 *************** function _initialization *****************
 Defined at:
		line 148 in file "Main.c"
 Parameters:    Size  Location     Type
		None
 Auto vars:     Size  Location     Type
		None
 Return value:  Size  Location     Type
                  1    wreg      void 
 Registers used:
		wreg, status,2, cstack
 Tracked objects:
		On entry : 
		On exit  : 
		Unchanged: 
 Data sizes:     COMRAM   BANK0   BANK1   BANK2   BANK3   BANK4   BANK5   BANK6   BANK7   BANK8   BANK9  BANK10  BANK11  BANK12  BANK13  BANK14
      Params:         0       0       0       0       0       0       0       0       0       0       0       0       0       0       0       0
      Locals:         0       0       0       0       0       0       0       0       0       0       0       0       0       0       0       0
      Temps:          0       0       0       0       0       0       0       0       0       0       0       0       0       0       0       0
      Totals:         0       0       0       0       0       0       0       0       0       0       0       0       0       0       0       0
Total ram usage:        0 bytes
 Hardware stack levels used:    1
 Hardware stack levels required when called:    1
 This function calls:
		_initAdc
		_initSPI
 This function is called by:
		_main
 This function uses a non-reentrant model


 *************** function _initSPI *****************
 Defined at:
		line 237 in file "Main.c"
 Parameters:    Size  Location     Type
		None
 Auto vars:     Size  Location     Type
		None
 Return value:  Size  Location     Type
                  1    wreg      void 
 Registers used:
		wreg, status,2
 Tracked objects:
		On entry : 
		On exit  : 
		Unchanged: 
 Data sizes:     COMRAM   BANK0   BANK1   BANK2   BANK3   BANK4   BANK5   BANK6   BANK7   BANK8   BANK9  BANK10  BANK11  BANK12  BANK13  BANK14
      Params:         0       0       0       0       0       0       0       0       0       0       0       0       0       0       0       0
      Locals:         0       0       0       0       0       0       0       0       0       0       0       0       0       0       0       0
      Temps:          0       0       0       0       0       0       0       0       0       0       0       0       0       0       0       0
      Totals:         0       0       0       0       0       0       0       0       0       0       0       0       0       0       0       0
Total ram usage:        0 bytes
 Hardware stack levels used:    1
 This function calls:
		Nothing
 This function is called by:
		_initialization
 This function uses a non-reentrant model


 *************** function _initAdc *****************
 Defined at:
		line 650 in file "Main.c"
 Parameters:    Size  Location     Type
		None
 Auto vars:     Size  Location     Type
		None
 Return value:  Size  Location     Type
                  1    wreg      void 
 Registers used:
		wreg, status,2
 Tracked objects:
		On entry : 
		On exit  : 
		Unchanged: 
 Data sizes:     COMRAM   BANK0   BANK1   BANK2   BANK3   BANK4   BANK5   BANK6   BANK7   BANK8   BANK9  BANK10  BANK11  BANK12  BANK13  BANK14
      Params:         0       0       0       0       0       0       0       0       0       0       0       0       0       0       0       0
      Locals:         0       0       0       0       0       0       0       0       0       0       0       0       0       0       0       0
      Temps:          0       0       0       0       0       0       0       0       0       0       0       0       0       0       0       0
      Totals:         0       0       0       0       0       0       0       0       0       0       0       0       0       0       0       0
Total ram usage:        0 bytes
 Hardware stack levels used:    1
 This function calls:
		Nothing
 This function is called by:
		_initialization
 This function uses a non-reentrant model


 *************** function _getHandleAngle *****************
 Defined at:
		line 722 in file "Main.c"
 Parameters:    Size  Location     Type
		None
 Auto vars:     Size  Location     Type
  angle           3   43[BANK0 ] float 
  averageAngle    3    9[BANK0 ] float 
  yValue          2   41[BANK0 ] int 
  xValue          2   39[BANK0 ] int 
 Return value:  Size  Location     Type
                  3   87[COMRAM] float 
 Registers used:
		wreg, status,2, status,0, tblptrl, tblptrh, tblptru, prodl, prodh, cstack
 Tracked objects:
		On entry : 
		On exit  : 
		Unchanged: 
 Data sizes:     COMRAM   BANK0   BANK1   BANK2   BANK3   BANK4   BANK5   BANK6   BANK7   BANK8   BANK9  BANK10  BANK11  BANK12  BANK13  BANK14
      Params:         3       0       0       0       0       0       0       0       0       0       0       0       0       0       0       0
      Locals:         0      37       0       0       0       0       0       0       0       0       0       0       0       0       0       0
      Temps:          2       0       0       0       0       0       0       0       0       0       0       0       0       0       0       0
      Totals:         5      37       0       0       0       0       0       0       0       0       0       0       0       0       0       0
Total ram usage:       42 bytes
 Hardware stack levels used:    1
 Hardware stack levels required when called:    5
 This function calls:
		___awtoft
		___ftadd
		___ftdiv
		___ftge
		___ftmul
		_atan2
		_readAdc
 This function is called by:
		_main
 This function uses a non-reentrant model


 *************** function _readAdc *****************
 Defined at:
		line 675 in file "Main.c"
 Parameters:    Size  Location     Type
  pin             2    0[COMRAM] int 
 Auto vars:     Size  Location     Type
  adcValue        2    4[COMRAM] unsigned int 
 Return value:  Size  Location     Type
                  2    0[COMRAM] int 
 Registers used:
		wreg, status,2, status,0
 Tracked objects:
		On entry : 
		On exit  : 
		Unchanged: 
 Data sizes:     COMRAM   BANK0   BANK1   BANK2   BANK3   BANK4   BANK5   BANK6   BANK7   BANK8   BANK9  BANK10  BANK11  BANK12  BANK13  BANK14
      Params:         2       0       0       0       0       0       0       0       0       0       0       0       0       0       0       0
      Locals:         2       0       0       0       0       0       0       0       0       0       0       0       0       0       0       0
      Temps:          2       0       0       0       0       0       0       0       0       0       0       0       0       0       0       0
      Totals:         6       0       0       0       0       0       0       0       0       0       0       0       0       0       0       0
Total ram usage:        6 bytes
 Hardware stack levels used:    1
 This function calls:
		Nothing
 This function is called by:
		_getHandleAngle
 This function uses a non-reentrant model


 *************** function _atan2 *****************
 Defined at:
		line 8 in file "C:\Program Files (x86)\Microchip\xc8\v1.44\sources\common\atan2.c"
 Parameters:    Size  Location     Type
  y               3   81[COMRAM] int 
  x               3   84[COMRAM] int 
 Auto vars:     Size  Location     Type
  v               3    6[BANK0 ] int 
 Return value:  Size  Location     Type
                  3   81[COMRAM] int 
 Registers used:
		wreg, status,2, status,0, tblptrl, tblptrh, tblptru, prodl, prodh, cstack
 Tracked objects:
		On entry : 
		On exit  : 
		Unchanged: 
 Data sizes:     COMRAM   BANK0   BANK1   BANK2   BANK3   BANK4   BANK5   BANK6   BANK7   BANK8   BANK9  BANK10  BANK11  BANK12  BANK13  BANK14
      Params:         6       0       0       0       0       0       0       0       0       0       0       0       0       0       0       0
      Locals:         0       9       0       0       0       0       0       0       0       0       0       0       0       0       0       0
      Temps:          0       0       0       0       0       0       0       0       0       0       0       0       0       0       0       0
      Totals:         6       9       0       0       0       0       0       0       0       0       0       0       0       0       0       0
Total ram usage:       15 bytes
 Hardware stack levels used:    1
 Hardware stack levels required when called:    4
 This function calls:
		___ftadd
		___ftdiv
		___ftge
		___ftneg
		___ftsub
		_atan
		_fabs
 This function is called by:
		_getHandleAngle
 This function uses a non-reentrant model


 *************** function _atan *****************
 Defined at:
		line 8 in file "C:\Program Files (x86)\Microchip\xc8\v1.44\sources\common\atan.c"
 Parameters:    Size  Location     Type
  f               3   65[COMRAM] int 
 Auto vars:     Size  Location     Type
  val             3   78[COMRAM] int 
  val_squared     3   75[COMRAM] int 
  x               3   71[COMRAM] int 
  y               3   68[COMRAM] int 
  recip           1   74[COMRAM] unsigned char 
 Return value:  Size  Location     Type
                  3   65[COMRAM] unsigned char 
 Registers used:
		wreg, status,2, status,0, tblptrl, tblptrh, tblptru, prodl, prodh, cstack
 Tracked objects:
		On entry : 
		On exit  : 
		Unchanged: 
 Data sizes:     COMRAM   BANK0   BANK1   BANK2   BANK3   BANK4   BANK5   BANK6   BANK7   BANK8   BANK9  BANK10  BANK11  BANK12  BANK13  BANK14
      Params:         3       0       0       0       0       0       0       0       0       0       0       0       0       0       0       0
      Locals:        13       0       0       0       0       0       0       0       0       0       0       0       0       0       0       0
      Temps:          0       0       0       0       0       0       0       0       0       0       0       0       0       0       0       0
      Totals:        16       0       0       0       0       0       0       0       0       0       0       0       0       0       0       0
Total ram usage:       16 bytes
 Hardware stack levels used:    1
 Hardware stack levels required when called:    3
 This function calls:
		___ftadd
		___ftdiv
		___ftge
		___ftmul
		___ftneg
		_eval_poly
		_fabs
 This function is called by:
		_atan2
 This function uses a non-reentrant model


 *************** function _fabs *****************
 Defined at:
		line 4 in file "C:\Program Files (x86)\Microchip\xc8\v1.44\sources\common\fabs.c"
 Parameters:    Size  Location     Type
  d               3   11[COMRAM] unsigned char 
 Auto vars:     Size  Location     Type
		None
 Return value:  Size  Location     Type
                  3   11[COMRAM] unsigned char 
 Registers used:
		wreg, status,2, status,0, cstack
 Tracked objects:
		On entry : 
		On exit  : 
		Unchanged: 
 Data sizes:     COMRAM   BANK0   BANK1   BANK2   BANK3   BANK4   BANK5   BANK6   BANK7   BANK8   BANK9  BANK10  BANK11  BANK12  BANK13  BANK14
      Params:         3       0       0       0       0       0       0       0       0       0       0       0       0       0       0       0
      Locals:         0       0       0       0       0       0       0       0       0       0       0       0       0       0       0       0
      Temps:          0       0       0       0       0       0       0       0       0       0       0       0       0       0       0       0
      Totals:         3       0       0       0       0       0       0       0       0       0       0       0       0       0       0       0
Total ram usage:        3 bytes
 Hardware stack levels used:    1
 Hardware stack levels required when called:    1
 This function calls:
		___ftneg
 This function is called by:
		_atan2
		_atan
 This function uses a non-reentrant model


 *************** function ___ftneg *****************
 Defined at:
		line 15 in file "C:\Program Files (x86)\Microchip\xc8\v1.44\sources\common\ftneg.c"
 Parameters:    Size  Location     Type
  f1              3    8[COMRAM] float 
 Auto vars:     Size  Location     Type
		None
 Return value:  Size  Location     Type
                  3    8[COMRAM] float 
 Registers used:
		wreg, status,2, status,0
 Tracked objects:
		On entry : 
		On exit  : 
		Unchanged: 
 Data sizes:     COMRAM   BANK0   BANK1   BANK2   BANK3   BANK4   BANK5   BANK6   BANK7   BANK8   BANK9  BANK10  BANK11  BANK12  BANK13  BANK14
      Params:         3       0       0       0       0       0       0       0       0       0       0       0       0       0       0       0
      Locals:         0       0       0       0       0       0       0       0       0       0       0       0       0       0       0       0
      Temps:          0       0       0       0       0       0       0       0       0       0       0       0       0       0       0       0
      Totals:         3       0       0       0       0       0       0       0       0       0       0       0       0       0       0       0
Total ram usage:        3 bytes
 Hardware stack levels used:    1
 This function calls:
		Nothing
 This function is called by:
		_main
		_atan2
		_fabs
		_atan
 This function uses a non-reentrant model


 *************** function _eval_poly *****************
 Defined at:
		line 4 in file "C:\Program Files (x86)\Microchip\xc8\v1.44\sources\common\evalpoly.c"
 Parameters:    Size  Location     Type
  x               3   53[COMRAM] float 
  d               2   56[COMRAM] PTR const 
		 -> atan@coeff_a(18), atan@coeff_b(15), 
  n               2   58[COMRAM] int 
 Auto vars:     Size  Location     Type
  res             3   62[COMRAM] int 
 Return value:  Size  Location     Type
                  3   53[COMRAM] int 
 Registers used:
		wreg, status,2, status,0, tblptrl, tblptrh, tblptru, prodl, prodh, cstack
 Tracked objects:
		On entry : 
		On exit  : 
		Unchanged: 
 Data sizes:     COMRAM   BANK0   BANK1   BANK2   BANK3   BANK4   BANK5   BANK6   BANK7   BANK8   BANK9  BANK10  BANK11  BANK12  BANK13  BANK14
      Params:         7       0       0       0       0       0       0       0       0       0       0       0       0       0       0       0
      Locals:         3       0       0       0       0       0       0       0       0       0       0       0       0       0       0       0
      Temps:          2       0       0       0       0       0       0       0       0       0       0       0       0       0       0       0
      Totals:        12       0       0       0       0       0       0       0       0       0       0       0       0       0       0       0
Total ram usage:       12 bytes
 Hardware stack levels used:    1
 Hardware stack levels required when called:    2
 This function calls:
		___ftadd
		___ftmul
		___wmul
 This function is called by:
		_atan
 This function uses a non-reentrant model


 *************** function ___wmul *****************
 Defined at:
		line 15 in file "C:\Program Files (x86)\Microchip\xc8\v1.44\sources\common\Umul16.c"
 Parameters:    Size  Location     Type
  multiplier      2    0[COMRAM] unsigned int 
  multiplicand    2    2[COMRAM] unsigned int 
 Auto vars:     Size  Location     Type
  product         2    4[COMRAM] unsigned int 
 Return value:  Size  Location     Type
                  2    0[COMRAM] unsigned int 
 Registers used:
		wreg, status,2, status,0, prodl, prodh
 Tracked objects:
		On entry : 
		On exit  : 
		Unchanged: 
 Data sizes:     COMRAM   BANK0   BANK1   BANK2   BANK3   BANK4   BANK5   BANK6   BANK7   BANK8   BANK9  BANK10  BANK11  BANK12  BANK13  BANK14
      Params:         4       0       0       0       0       0       0       0       0       0       0       0       0       0       0       0
      Locals:         2       0       0       0       0       0       0       0       0       0       0       0       0       0       0       0
      Temps:          0       0       0       0       0       0       0       0       0       0       0       0       0       0       0       0
      Totals:         6       0       0       0       0       0       0       0       0       0       0       0       0       0       0       0
Total ram usage:        6 bytes
 Hardware stack levels used:    1
 This function calls:
		Nothing
 This function is called by:
		_eval_poly
 This function uses a non-reentrant model


 *************** function ___ftmul *****************
 Defined at:
		line 62 in file "C:\Program Files (x86)\Microchip\xc8\v1.44\sources\common\ftmul.c"
 Parameters:    Size  Location     Type
  f1              3   38[COMRAM] float 
  f2              3   41[COMRAM] float 
 Auto vars:     Size  Location     Type
  f3_as_produc    3   48[COMRAM] unsigned um
  sign            1   52[COMRAM] unsigned char 
  cntr            1   51[COMRAM] unsigned char 
  exp             1   47[COMRAM] unsigned char 
 Return value:  Size  Location     Type
                  3   38[COMRAM] float 
 Registers used:
		wreg, status,2, status,0, cstack
 Tracked objects:
		On entry : 
		On exit  : 
		Unchanged: 
 Data sizes:     COMRAM   BANK0   BANK1   BANK2   BANK3   BANK4   BANK5   BANK6   BANK7   BANK8   BANK9  BANK10  BANK11  BANK12  BANK13  BANK14
      Params:         6       0       0       0       0       0       0       0       0       0       0       0       0       0       0       0
      Locals:         6       0       0       0       0       0       0       0       0       0       0       0       0       0       0       0
      Temps:          3       0       0       0       0       0       0       0       0       0       0       0       0       0       0       0
      Totals:        15       0       0       0       0       0       0       0       0       0       0       0       0       0       0       0
Total ram usage:       15 bytes
 Hardware stack levels used:    1
 Hardware stack levels required when called:    1
 This function calls:
		___ftpack
 This function is called by:
		_delayMs
		_getHandleAngle
		_main
		_atan
		_eval_poly
 This function uses a non-reentrant model


 *************** function ___ftge *****************
 Defined at:
		line 4 in file "C:\Program Files (x86)\Microchip\xc8\v1.44\sources\common\ftge.c"
 Parameters:    Size  Location     Type
  ff1             3   14[COMRAM] float 
  ff2             3   17[COMRAM] float 
 Auto vars:     Size  Location     Type
		None
 Return value:  Size  Location     Type
		None               void
 Registers used:
		wreg, status,2, status,0
 Tracked objects:
		On entry : 
		On exit  : 
		Unchanged: 
 Data sizes:     COMRAM   BANK0   BANK1   BANK2   BANK3   BANK4   BANK5   BANK6   BANK7   BANK8   BANK9  BANK10  BANK11  BANK12  BANK13  BANK14
      Params:         6       0       0       0       0       0       0       0       0       0       0       0       0       0       0       0
      Locals:         0       0       0       0       0       0       0       0       0       0       0       0       0       0       0       0
      Temps:          3       0       0       0       0       0       0       0       0       0       0       0       0       0       0       0
      Totals:         9       0       0       0       0       0       0       0       0       0       0       0       0       0       0       0
Total ram usage:        9 bytes
 Hardware stack levels used:    1
 This function calls:
		Nothing
 This function is called by:
		_getHandleAngle
		_main
		_atan2
		_atan
 This function uses a non-reentrant model


 *************** function ___ftdiv *****************
 Defined at:
		line 54 in file "C:\Program Files (x86)\Microchip\xc8\v1.44\sources\common\ftdiv.c"
 Parameters:    Size  Location     Type
  f1              3   23[COMRAM] float 
  f2              3   26[COMRAM] float 
 Auto vars:     Size  Location     Type
  f3              3   33[COMRAM] float 
  sign            1   37[COMRAM] unsigned char 
  exp             1   36[COMRAM] unsigned char 
  cntr            1   32[COMRAM] unsigned char 
 Return value:  Size  Location     Type
                  3   23[COMRAM] float 
 Registers used:
		wreg, status,2, status,0, cstack
 Tracked objects:
		On entry : 
		On exit  : 
		Unchanged: 
 Data sizes:     COMRAM   BANK0   BANK1   BANK2   BANK3   BANK4   BANK5   BANK6   BANK7   BANK8   BANK9  BANK10  BANK11  BANK12  BANK13  BANK14
      Params:         6       0       0       0       0       0       0       0       0       0       0       0       0       0       0       0
      Locals:         6       0       0       0       0       0       0       0       0       0       0       0       0       0       0       0
      Temps:          3       0       0       0       0       0       0       0       0       0       0       0       0       0       0       0
      Totals:        15       0       0       0       0       0       0       0       0       0       0       0       0       0       0       0
Total ram usage:       15 bytes
 Hardware stack levels used:    1
 Hardware stack levels required when called:    1
 This function calls:
		___ftpack
 This function is called by:
		_getHandleAngle
		_atan2
		_atan
 This function uses a non-reentrant model


 *************** function ___ftsub *****************
 Defined at:
		line 20 in file "C:\Program Files (x86)\Microchip\xc8\v1.44\sources\common\ftsub.c"
 Parameters:    Size  Location     Type
  f1              3   23[COMRAM] float 
  f2              3   26[COMRAM] float 
 Auto vars:     Size  Location     Type
		None
 Return value:  Size  Location     Type
                  3   23[COMRAM] float 
 Registers used:
		wreg, status,2, status,0, cstack
 Tracked objects:
		On entry : 
		On exit  : 
		Unchanged: 
 Data sizes:     COMRAM   BANK0   BANK1   BANK2   BANK3   BANK4   BANK5   BANK6   BANK7   BANK8   BANK9  BANK10  BANK11  BANK12  BANK13  BANK14
      Params:         6       0       0       0       0       0       0       0       0       0       0       0       0       0       0       0
      Locals:         0       0       0       0       0       0       0       0       0       0       0       0       0       0       0       0
      Temps:          0       0       0       0       0       0       0       0       0       0       0       0       0       0       0       0
      Totals:         6       0       0       0       0       0       0       0       0       0       0       0       0       0       0       0
Total ram usage:        6 bytes
 Hardware stack levels used:    1
 Hardware stack levels required when called:    2
 This function calls:
		___ftadd
 This function is called by:
		_atan2
 This function uses a non-reentrant model


 *************** function ___ftadd *****************
 Defined at:
		line 86 in file "C:\Program Files (x86)\Microchip\xc8\v1.44\sources\common\ftadd.c"
 Parameters:    Size  Location     Type
  f1              3   11[COMRAM] float 
  f2              3   14[COMRAM] float 
 Auto vars:     Size  Location     Type
  exp1            1   22[COMRAM] unsigned char 
  exp2            1   21[COMRAM] unsigned char 
  sign            1   20[COMRAM] unsigned char 
 Return value:  Size  Location     Type
                  3   11[COMRAM] float 
 Registers used:
		wreg, status,2, status,0, cstack
 Tracked objects:
		On entry : 
		On exit  : 
		Unchanged: 
 Data sizes:     COMRAM   BANK0   BANK1   BANK2   BANK3   BANK4   BANK5   BANK6   BANK7   BANK8   BANK9  BANK10  BANK11  BANK12  BANK13  BANK14
      Params:         6       0       0       0       0       0       0       0       0       0       0       0       0       0       0       0
      Locals:         3       0       0       0       0       0       0       0       0       0       0       0       0       0       0       0
      Temps:          3       0       0       0       0       0       0       0       0       0       0       0       0       0       0       0
      Totals:        12       0       0       0       0       0       0       0       0       0       0       0       0       0       0       0
Total ram usage:       12 bytes
 Hardware stack levels used:    1
 Hardware stack levels required when called:    1
 This function calls:
		___ftpack
 This function is called by:
		_getHandleAngle
		_main
		_atan2
		___ftsub
		_atan
		_eval_poly
 This function uses a non-reentrant model


 *************** function ___awtoft *****************
 Defined at:
		line 32 in file "C:\Program Files (x86)\Microchip\xc8\v1.44\sources\common\awtoft.c"
 Parameters:    Size  Location     Type
  c               2    8[COMRAM] int 
 Auto vars:     Size  Location     Type
  sign            1   11[COMRAM] unsigned char 
 Return value:  Size  Location     Type
                  3    8[COMRAM] float 
 Registers used:
		wreg, status,2, status,0, cstack
 Tracked objects:
		On entry : 
		On exit  : 
		Unchanged: 
 Data sizes:     COMRAM   BANK0   BANK1   BANK2   BANK3   BANK4   BANK5   BANK6   BANK7   BANK8   BANK9  BANK10  BANK11  BANK12  BANK13  BANK14
      Params:         3       0       0       0       0       0       0       0       0       0       0       0       0       0       0       0
      Locals:         1       0       0       0       0       0       0       0       0       0       0       0       0       0       0       0
      Temps:          0       0       0       0       0       0       0       0       0       0       0       0       0       0       0       0
      Totals:         4       0       0       0       0       0       0       0       0       0       0       0       0       0       0       0
Total ram usage:        4 bytes
 Hardware stack levels used:    1
 Hardware stack levels required when called:    1
 This function calls:
		___ftpack
 This function is called by:
		_delayMs
		_getHandleAngle
 This function uses a non-reentrant model


 *************** function ___ftpack *****************
 Defined at:
		line 62 in file "C:\Program Files (x86)\Microchip\xc8\v1.44\sources\common\float.c"
 Parameters:    Size  Location     Type
  arg             3    0[COMRAM] unsigned um
  exp             1    3[COMRAM] unsigned char 
  sign            1    4[COMRAM] unsigned char 
 Auto vars:     Size  Location     Type
		None
 Return value:  Size  Location     Type
                  3    0[COMRAM] float 
 Registers used:
		wreg, status,2, status,0
 Tracked objects:
		On entry : 
		On exit  : 
		Unchanged: 
 Data sizes:     COMRAM   BANK0   BANK1   BANK2   BANK3   BANK4   BANK5   BANK6   BANK7   BANK8   BANK9  BANK10  BANK11  BANK12  BANK13  BANK14
      Params:         5       0       0       0       0       0       0       0       0       0       0       0       0       0       0       0
      Locals:         0       0       0       0       0       0       0       0       0       0       0       0       0       0       0       0
      Temps:          3       0       0       0       0       0       0       0       0       0       0       0       0       0       0       0
      Totals:         8       0       0       0       0       0       0       0       0       0       0       0       0       0       0       0
Total ram usage:        8 bytes
 Hardware stack levels used:    1
 This function calls:
		Nothing
 This function is called by:
		___awtoft
		___ftadd
		___ftdiv
		___ftmul
 This function uses a non-reentrant model


 *************** function _ClearWatchDogTimer *****************
 Defined at:
		line 749 in file "Main.c"
 Parameters:    Size  Location     Type
		None
 Auto vars:     Size  Location     Type
		None
 Return value:  Size  Location     Type
                  1    wreg      void 
 Registers used:
		None
 Tracked objects:
		On entry : 
		On exit  : 
		Unchanged: 
 Data sizes:     COMRAM   BANK0   BANK1   BANK2   BANK3   BANK4   BANK5   BANK6   BANK7   BANK8   BANK9  BANK10  BANK11  BANK12  BANK13  BANK14
      Params:         0       0       0       0       0       0       0       0       0       0       0       0       0       0       0       0
      Locals:         0       0       0       0       0       0       0       0       0       0       0       0       0       0       0       0
      Temps:          0       0       0       0       0       0       0       0       0       0       0       0       0       0       0       0
      Totals:         0       0       0       0       0       0       0       0       0       0       0       0       0       0       0       0
Total ram usage:        0 bytes
 Hardware stack levels used:    1
 This function calls:
		Nothing
 This function is called by:
		_main
 This function uses a non-reentrant model



MODULE INFORMATION

Module		Function		Class		Link	Load	Size
C:\Program Files (x86)\Microchip\xc8\v1.44\sources\common\awtoft.c
		___awtoft      		CODE           	27C2	0000	57

C:\Program Files (x86)\Microchip\xc8\v1.44\sources\common\awtoft.c estimated size: 57

C:\Program Files (x86)\Microchip\xc8\v1.44\sources\common\ftmul.c
		___ftmul       		CODE           	1F4E	0000	245

C:\Program Files (x86)\Microchip\xc8\v1.44\sources\common\ftmul.c estimated size: 245

C:\Program Files (x86)\Microchip\xc8\v1.44\sources\common\ftdiv.c
		___ftdiv       		CODE           	2042	0000	231

C:\Program Files (x86)\Microchip\xc8\v1.44\sources\common\ftdiv.c estimated size: 231

C:\Program Files (x86)\Microchip\xc8\v1.44\sources\common\ftge.c
		___ftge        		CODE           	259A	0000	145

C:\Program Files (x86)\Microchip\xc8\v1.44\sources\common\ftge.c estimated size: 145

C:\Program Files (x86)\Microchip\xc8\v1.44\sources\common\fabs.c
		_fabs          		CODE           	27FA	0000	49

C:\Program Files (x86)\Microchip\xc8\v1.44\sources\common\fabs.c estimated size: 49

C:\Program Files (x86)\Microchip\xc8\v1.44\sources\common\atan2.c
		_atan2         		CODE           	15E2	0000	607

C:\Program Files (x86)\Microchip\xc8\v1.44\sources\common\atan2.c estimated size: 607

C:\Program Files (x86)\Microchip\xc8\v1.44\sources\common\Umul16.c
		___wmul        		CODE           	2852	0000	39

C:\Program Files (x86)\Microchip\xc8\v1.44\sources\common\Umul16.c estimated size: 39

C:\Program Files (x86)\Microchip\xc8\v1.44\sources\common\fttol.c
		___fttol       		CODE           	1E5A	0000	245

C:\Program Files (x86)\Microchip\xc8\v1.44\sources\common\fttol.c estimated size: 245

Pin_Manager.c
		_digitalPinStatus		CODE           	1BA8	0000	373

Pin_Manager.c estimated size: 373

C:\Program Files (x86)\Microchip\xc8\v1.44\sources\common\evalpoly.c
		_eval_poly     		CODE           	2208	0000	219

C:\Program Files (x86)\Microchip\xc8\v1.44\sources\common\evalpoly.c estimated size: 219

Main.c
		_writeEEPromFloat		CODE           	2462	0000	165
		_initSPI       		CODE           	282A	0000	41
		_initialization		CODE           	26A4	0000	85
		_getHandleAngle		CODE           	0F36	0000	913
		_writeSPI      		CODE           	22E2	0000	211
		_readSPI       		CODE           	262A	0000	123
		_main          		CODE           	12C6	0000	797
		_readEEPromFloat		CODE           	2128	0000	225
		_ClearWatchDogTimer		CODE           	28C6	0000	5
		_delayMs       		CODE           	2506	0000	149
		_initAdc       		CODE           	289C	0000	29
		_readAdc       		CODE           	26F8	0000	83
		_readWaterSensor		CODE           	1D1C	0000	319

Main.c estimated size: 3145

shared
		_signedNumAdjustADC		SMALLCONST     	0F0E	0000	3
		_angleThresholdSmall		SMALLCONST     	0F04	0000	4
		_upstrokeInterval		SMALLCONST     	0F0C	0000	3
		_handleMovementThreshold		SMALLCONST     	0F01	0000	4
		atan@coeff_a   		SMALLCONST     	0F14	0000	19
		atan@coeff_b   		SMALLCONST     	0F26	0000	16
		_PI            		SMALLCONST     	0F07	0000	4
		__initialization		CODE           	278A	0000	51
		_xAxis         		SMALLCONST     	0F12	0000	3
		_yAxis         		SMALLCONST     	0F10	0000	3
		_pulseWidthThreshold		SMALLCONST     	0F0A	0000	3

shared estimated size: 113

C:\Program Files (x86)\Microchip\xc8\v1.44\sources\common\ftadd.c
		___ftadd       		CODE           	19FC	0000	429

C:\Program Files (x86)\Microchip\xc8\v1.44\sources\common\ftadd.c estimated size: 429

C:\Program Files (x86)\Microchip\xc8\v1.44\sources\common\atan.c
		_atan          		CODE           	1840	0000	445

C:\Program Files (x86)\Microchip\xc8\v1.44\sources\common\atan.c estimated size: 445

C:\Program Files (x86)\Microchip\xc8\v1.44\sources\common\ftneg.c
		___ftneg       		CODE           	2878	0000	37

C:\Program Files (x86)\Microchip\xc8\v1.44\sources\common\ftneg.c estimated size: 37

C:\Program Files (x86)\Microchip\xc8\v1.44\sources\common\ftsub.c
		___ftsub       		CODE           	274A	0000	65

C:\Program Files (x86)\Microchip\xc8\v1.44\sources\common\ftsub.c estimated size: 65

C:\Program Files (x86)\Microchip\xc8\v1.44\sources\common\float.c
		___ftpack      		CODE           	23B4	0000	175

C:\Program Files (x86)\Microchip\xc8\v1.44\sources\common\float.c estimated size: 175

